2026-08-25 06:00:01 | INFO     | src.db_manager | Connected to MySQL database 'market_data_db' at 127.0.0.1:3306
2026-08-25 06:00:01 | INFO     | src.pipeline | === Pipeline run #1 started for 5 ticker(s) ===
2026-08-25 06:00:01 | INFO     | src.pipeline | [AAPL] Registering company metadata...
2026-08-25 06:00:01 | INFO     | src.pipeline | [AAPL] Extracting last 90 days of price history...
2026-08-25 06:00:02 | WARNING  | src.data_source | [AAPL] live fetch attempt 1/3 failed (No data returned by Yahoo Finance for AAPL). Retrying in 2s...
2026-08-25 06:00:04 | WARNING  | src.data_source | [AAPL] live fetch attempt 2/3 failed (No data returned by Yahoo Finance for AAPL). Retrying in 4s...
2026-08-25 06:00:08 | WARNING  | src.data_source | [AAPL] live fetch attempt 3/3 failed (No data returned by Yahoo Finance for AAPL). Retrying in 8s...
2026-08-25 06:00:16 | WARNING  | src.data_source | [AAPL] Live Yahoo Finance API unreachable after 3 attempts (No data returned by Yahoo Finance for AAPL). Falling back to simulated data source.
2026-08-25 06:00:16 | INFO     | src.pipeline | [AAPL] Extracted 90 raw rows from source='simulated'
2026-08-25 06:00:16 | INFO     | src.pipeline | [AAPL] Transforming (validate -> clean -> enrich)...
2026-08-25 06:00:16 | INFO     | src.pipeline | [AAPL] Loading 90 curated rows into stock_prices...
2026-08-25 06:00:16 | INFO     | src.pipeline | [AAPL] Done. inserted=90 updated=0 rejected=0
2026-08-25 06:00:16 | INFO     | src.pipeline | [MSFT] Registering company metadata...
2026-08-25 06:00:16 | INFO     | src.pipeline | [MSFT] Extracting last 90 days of price history...
2026-08-25 06:00:16 | WARNING  | src.data_source | [MSFT] live fetch attempt 1/3 failed (No data returned by Yahoo Finance for MSFT). Retrying in 2s...
2026-08-25 06:00:18 | WARNING  | src.data_source | [MSFT] live fetch attempt 2/3 failed (No data returned by Yahoo Finance for MSFT). Retrying in 4s...
2026-08-25 06:00:22 | WARNING  | src.data_source | [MSFT] live fetch attempt 3/3 failed (No data returned by Yahoo Finance for MSFT). Retrying in 8s...
2026-08-25 06:00:30 | WARNING  | src.data_source | [MSFT] Live Yahoo Finance API unreachable after 3 attempts (No data returned by Yahoo Finance for MSFT). Falling back to simulated data source.
2026-08-25 06:00:30 | INFO     | src.pipeline | [MSFT] Extracted 90 raw rows from source='simulated'
2026-08-25 06:00:30 | INFO     | src.pipeline | [MSFT] Transforming (validate -> clean -> enrich)...
2026-08-25 06:00:30 | INFO     | src.pipeline | [MSFT] Loading 90 curated rows into stock_prices...
2026-08-25 06:00:30 | INFO     | src.pipeline | [MSFT] Done. inserted=90 updated=0 rejected=0
2026-08-25 06:00:30 | INFO     | src.pipeline | [GOOGL] Registering company metadata...
2026-08-25 06:00:30 | INFO     | src.pipeline | [GOOGL] Extracting last 90 days of price history...
2026-08-25 06:00:30 | WARNING  | src.data_source | [GOOGL] live fetch attempt 1/3 failed (No data returned by Yahoo Finance for GOOGL). Retrying in 2s...
2026-08-25 06:00:32 | WARNING  | src.data_source | [GOOGL] live fetch attempt 2/3 failed (No data returned by Yahoo Finance for GOOGL). Retrying in 4s...
2026-08-25 06:00:36 | WARNING  | src.data_source | [GOOGL] live fetch attempt 3/3 failed (No data returned by Yahoo Finance for GOOGL). Retrying in 8s...
2026-08-25 06:00:44 | WARNING  | src.data_source | [GOOGL] Live Yahoo Finance API unreachable after 3 attempts (No data returned by Yahoo Finance for GOOGL). Falling back to simulated data source.
2026-08-25 06:00:44 | INFO     | src.pipeline | [GOOGL] Extracted 90 raw rows from source='simulated'
2026-08-25 06:00:44 | INFO     | src.pipeline | [GOOGL] Transforming (validate -> clean -> enrich)...
2026-08-25 06:00:44 | INFO     | src.pipeline | [GOOGL] Loading 90 curated rows into stock_prices...
2026-08-25 06:00:44 | INFO     | src.pipeline | [GOOGL] Done. inserted=90 updated=0 rejected=0
2026-08-25 06:00:44 | INFO     | src.pipeline | [AMZN] Registering company metadata...
2026-08-25 06:00:44 | INFO     | src.pipeline | [AMZN] Extracting last 90 days of price history...
2026-08-25 06:00:44 | WARNING  | src.data_source | [AMZN] live fetch attempt 1/3 failed (No data returned by Yahoo Finance for AMZN). Retrying in 2s...
2026-08-25 06:00:46 | WARNING  | src.data_source | [AMZN] live fetch attempt 2/3 failed (No data returned by Yahoo Finance for AMZN). Retrying in 4s...
2026-08-25 06:00:50 | WARNING  | src.data_source | [AMZN] live fetch attempt 3/3 failed (No data returned by Yahoo Finance for AMZN). Retrying in 8s...
2026-08-25 06:00:58 | WARNING  | src.data_source | [AMZN] Live Yahoo Finance API unreachable after 3 attempts (No data returned by Yahoo Finance for AMZN). Falling back to simulated data source.
2026-08-25 06:00:58 | INFO     | src.pipeline | [AMZN] Extracted 90 raw rows from source='simulated'
2026-08-25 06:00:58 | INFO     | src.pipeline | [AMZN] Transforming (validate -> clean -> enrich)...
2026-08-25 06:00:58 | INFO     | src.pipeline | [AMZN] Loading 90 curated rows into stock_prices...
2026-08-25 06:00:58 | INFO     | src.pipeline | [AMZN] Done. inserted=90 updated=0 rejected=0
2026-08-25 06:00:59 | INFO     | src.pipeline | [TSLA] Registering company metadata...
2026-08-25 06:00:59 | INFO     | src.pipeline | [TSLA] Extracting last 90 days of price history...
2026-08-25 06:00:59 | WARNING  | src.data_source | [TSLA] live fetch attempt 1/3 failed (No data returned by Yahoo Finance for TSLA). Retrying in 2s...
2026-08-25 06:01:01 | WARNING  | src.data_source | [TSLA] live fetch attempt 2/3 failed (No data returned by Yahoo Finance for TSLA). Retrying in 4s...
2026-08-25 06:01:05 | WARNING  | src.data_source | [TSLA] live fetch attempt 3/3 failed (No data returned by Yahoo Finance for TSLA). Retrying in 8s...
2026-08-25 06:01:13 | WARNING  | src.data_source | [TSLA] Live Yahoo Finance API unreachable after 3 attempts (No data returned by Yahoo Finance for TSLA). Falling back to simulated data source.
2026-08-25 06:01:13 | INFO     | src.pipeline | [TSLA] Extracted 90 raw rows from source='simulated'
2026-08-25 06:01:13 | INFO     | src.pipeline | [TSLA] Transforming (validate -> clean -> enrich)...
2026-08-25 06:01:13 | INFO     | src.pipeline | [TSLA] Loading 90 curated rows into stock_prices...
2026-08-25 06:01:13 | INFO     | src.pipeline | [TSLA] Done. inserted=90 updated=0 rejected=0
2026-08-25 06:01:13 | INFO     | src.pipeline | === Pipeline run #1 finished: status=SUCCESS processed=5 failed=0 inserted=450 updated=0 rejected=0 ===
2026-08-25 06:01:13 | INFO     | src.db_manager | MySQL connection closed.
2026-08-25 06:01:22 | INFO     | src.db_manager | Connected to MySQL database 'market_data_db' at 127.0.0.1:3306
2026-08-25 06:01:22 | INFO     | src.pipeline | === Pipeline run #2 started for 5 ticker(s) ===
2026-08-25 06:01:22 | INFO     | src.pipeline | [AAPL] Registering company metadata...
2026-08-25 06:01:22 | INFO     | src.pipeline | [AAPL] Extracting last 90 days of price history...
2026-08-25 06:01:22 | INFO     | src.pipeline | [AAPL] Extracted 90 raw rows from source='simulated'
2026-08-25 06:01:22 | INFO     | src.pipeline | [AAPL] Transforming (validate -> clean -> enrich)...
2026-08-25 06:01:22 | INFO     | src.pipeline | [AAPL] Loading 90 curated rows into stock_prices...
2026-08-25 06:01:22 | INFO     | src.pipeline | [AAPL] Done. inserted=0 updated=0 rejected=0
2026-08-25 06:01:22 | INFO     | src.pipeline | [MSFT] Registering company metadata...
2026-08-25 06:01:22 | INFO     | src.pipeline | [MSFT] Extracting last 90 days of price history...
2026-08-25 06:01:22 | INFO     | src.pipeline | [MSFT] Extracted 90 raw rows from source='simulated'
2026-08-25 06:01:22 | INFO     | src.pipeline | [MSFT] Transforming (validate -> clean -> enrich)...
2026-08-25 06:01:22 | INFO     | src.pipeline | [MSFT] Loading 90 curated rows into stock_prices...
2026-08-25 06:01:22 | INFO     | src.pipeline | [MSFT] Done. inserted=0 updated=0 rejected=0
2026-08-25 06:01:22 | INFO     | src.pipeline | [GOOGL] Registering company metadata...
2026-08-25 06:01:22 | INFO     | src.pipeline | [GOOGL] Extracting last 90 days of price history...
2026-08-25 06:01:22 | INFO     | src.pipeline | [GOOGL] Extracted 90 raw rows from source='simulated'
2026-08-25 06:01:22 | INFO     | src.pipeline | [GOOGL] Transforming (validate -> clean -> enrich)...
2026-08-25 06:01:22 | INFO     | src.pipeline | [GOOGL] Loading 90 curated rows into stock_prices...
2026-08-25 06:01:22 | INFO     | src.pipeline | [GOOGL] Done. inserted=0 updated=0 rejected=0
2026-08-25 06:01:22 | INFO     | src.pipeline | [AMZN] Registering company metadata...
2026-08-25 06:01:22 | INFO     | src.pipeline | [AMZN] Extracting last 90 days of price history...
2026-08-25 06:01:22 | INFO     | src.pipeline | [AMZN] Extracted 90 raw rows from source='simulated'
2026-08-25 06:01:22 | INFO     | src.pipeline | [AMZN] Transforming (validate -> clean -> enrich)...
2026-08-25 06:01:22 | INFO     | src.pipeline | [AMZN] Loading 90 curated rows into stock_prices...
2026-08-25 06:01:22 | INFO     | src.pipeline | [AMZN] Done. inserted=0 updated=0 rejected=0
2026-08-25 06:01:22 | INFO     | src.pipeline | [TSLA] Registering company metadata...
2026-08-25 06:01:22 | INFO     | src.pipeline | [TSLA] Extracting last 90 days of price history...
2026-08-25 06:01:22 | INFO     | src.pipeline | [TSLA] Extracted 90 raw rows from source='simulated'
2026-08-25 06:01:22 | INFO     | src.pipeline | [TSLA] Transforming (validate -> clean -> enrich)...
2026-08-25 06:01:22 | INFO     | src.pipeline | [TSLA] Loading 90 curated rows into stock_prices...
2026-08-25 06:01:23 | INFO     | src.pipeline | [TSLA] Done. inserted=0 updated=0 rejected=0
2026-08-25 06:01:23 | INFO     | src.pipeline | === Pipeline run #2 finished: status=SUCCESS processed=5 failed=0 inserted=0 updated=0 rejected=0 ===
2026-08-25 06:01:23 | INFO     | src.db_manager | MySQL connection closed.
2026-08-25 06:01:51 | INFO     | src.db_manager | Connected to MySQL database 'market_data_db' at 127.0.0.1:3306
2026-08-25 06:01:51 | INFO     | src.db_manager | MySQL connection closed.
2026-08-25 06:02:10 | WARNING  | src.transformer | Data quality: 3 row(s) failed validation and were excluded.
2026-08-25 06:02:15 | ERROR    | src.db_manager | Could not connect to MySQL: 1045 (28000): Access denied for user 'pipeline_user'@'localhost' (using password: YES)
2026-08-25 15:18:57 | INFO     | src.db_manager | Connected to MySQL database 'market_data_db' at 127.0.0.1:3306
2026-08-25 15:18:57 | INFO     | src.pipeline | === Pipeline run #1 started for 5 ticker(s) ===
2026-08-25 15:18:57 | INFO     | src.pipeline | [AAPL] Registering company metadata...
2026-08-25 15:18:57 | INFO     | src.pipeline | [AAPL] Extracting last 90 days of price history...
2026-08-25 15:18:58 | INFO     | src.pipeline | [AAPL] Extracted 62 raw rows from source='yfinance'
2026-08-25 15:18:58 | INFO     | src.pipeline | [AAPL] Transforming (validate -> clean -> enrich)...
2026-08-25 15:18:58 | INFO     | src.pipeline | [AAPL] Loading 62 curated rows into stock_prices...
2026-08-25 15:18:58 | INFO     | src.pipeline | [AAPL] Done. inserted=62 updated=0 rejected=0
2026-08-25 15:18:58 | INFO     | src.pipeline | [MSFT] Registering company metadata...
2026-08-25 15:18:58 | INFO     | src.pipeline | [MSFT] Extracting last 90 days of price history...
2026-08-25 15:18:58 | INFO     | src.pipeline | [MSFT] Extracted 62 raw rows from source='yfinance'
2026-08-25 15:18:58 | INFO     | src.pipeline | [MSFT] Transforming (validate -> clean -> enrich)...
2026-08-25 15:18:58 | INFO     | src.pipeline | [MSFT] Loading 62 curated rows into stock_prices...
2026-08-25 15:18:58 | INFO     | src.pipeline | [MSFT] Done. inserted=62 updated=0 rejected=0
2026-08-25 15:18:58 | INFO     | src.pipeline | [GOOGL] Registering company metadata...
2026-08-25 15:18:58 | INFO     | src.pipeline | [GOOGL] Extracting last 90 days of price history...
2026-08-25 15:18:59 | INFO     | src.pipeline | [GOOGL] Extracted 62 raw rows from source='yfinance'
2026-08-25 15:18:59 | INFO     | src.pipeline | [GOOGL] Transforming (validate -> clean -> enrich)...
2026-08-25 15:18:59 | INFO     | src.pipeline | [GOOGL] Loading 62 curated rows into stock_prices...
2026-08-25 15:18:59 | INFO     | src.pipeline | [GOOGL] Done. inserted=62 updated=0 rejected=0
2026-08-25 15:18:59 | INFO     | src.pipeline | [AMZN] Registering company metadata...
2026-08-25 15:18:59 | INFO     | src.pipeline | [AMZN] Extracting last 90 days of price history...
2026-08-25 15:18:59 | INFO     | src.pipeline | [AMZN] Extracted 62 raw rows from source='yfinance'
2026-08-25 15:18:59 | INFO     | src.pipeline | [AMZN] Transforming (validate -> clean -> enrich)...
2026-08-25 15:18:59 | INFO     | src.pipeline | [AMZN] Loading 62 curated rows into stock_prices...
2026-08-25 15:18:59 | INFO     | src.pipeline | [AMZN] Done. inserted=62 updated=0 rejected=0
2026-08-25 15:18:59 | INFO     | src.pipeline | [TSLA] Registering company metadata...
2026-08-25 15:18:59 | INFO     | src.pipeline | [TSLA] Extracting last 90 days of price history...
2026-08-25 15:19:00 | INFO     | src.pipeline | [TSLA] Extracted 62 raw rows from source='yfinance'
2026-08-25 15:19:00 | INFO     | src.pipeline | [TSLA] Transforming (validate -> clean -> enrich)...
2026-08-25 15:19:00 | INFO     | src.pipeline | [TSLA] Loading 62 curated rows into stock_prices...
2026-08-25 15:19:00 | INFO     | src.pipeline | [TSLA] Done. inserted=62 updated=0 rejected=0
2026-08-25 15:19:00 | INFO     | src.pipeline | === Pipeline run #1 finished: status=SUCCESS processed=5 failed=0 inserted=310 updated=0 rejected=0 ===
2026-08-25 15:19:00 | INFO     | src.db_manager | MySQL connection closed.
2026-08-25 15:47:03 | INFO     | src.db_manager | Connected to MySQL database 'market_data_db' at 127.0.0.1:3306
2026-08-25 15:47:03 | INFO     | src.db_manager | MySQL connection closed.
2026-08-26 10:13:35 | INFO     | src.db_manager | Connected to MySQL database 'market_data_db' at 127.0.0.1:3306
2026-08-26 10:13:35 | INFO     | src.pipeline | === Pipeline run #2 started for 5 ticker(s) ===
2026-08-26 10:13:35 | INFO     | src.pipeline | [AAPL] Registering company metadata...
2026-08-26 10:13:35 | INFO     | src.pipeline | [AAPL] Extracting last 90 days of price history...
2026-08-26 10:13:36 | INFO     | src.pipeline | [AAPL] Extracted 62 raw rows from source='yfinance'
2026-08-26 10:13:36 | INFO     | src.pipeline | [AAPL] Transforming (validate -> clean -> enrich)...
2026-08-26 10:13:37 | INFO     | src.pipeline | [AAPL] Loading 62 curated rows into stock_prices...
2026-08-26 10:13:37 | INFO     | src.pipeline | [AAPL] Done. inserted=1 updated=20 rejected=0
2026-08-26 10:13:37 | INFO     | src.pipeline | [MSFT] Registering company metadata...
2026-08-26 10:13:37 | INFO     | src.pipeline | [MSFT] Extracting last 90 days of price history...
2026-08-26 10:13:37 | INFO     | src.pipeline | [MSFT] Extracted 62 raw rows from source='yfinance'
2026-08-26 10:13:37 | INFO     | src.pipeline | [MSFT] Transforming (validate -> clean -> enrich)...
2026-08-26 10:13:37 | INFO     | src.pipeline | [MSFT] Loading 62 curated rows into stock_prices...
2026-08-26 10:13:37 | INFO     | src.pipeline | [MSFT] Done. inserted=1 updated=20 rejected=0
2026-08-26 10:13:37 | INFO     | src.pipeline | [GOOGL] Registering company metadata...
2026-08-26 10:13:37 | INFO     | src.pipeline | [GOOGL] Extracting last 90 days of price history...
2026-08-26 10:13:37 | INFO     | src.pipeline | [GOOGL] Extracted 62 raw rows from source='yfinance'
2026-08-26 10:13:37 | INFO     | src.pipeline | [GOOGL] Transforming (validate -> clean -> enrich)...
2026-08-26 10:13:37 | INFO     | src.pipeline | [GOOGL] Loading 62 curated rows into stock_prices...
2026-08-26 10:13:37 | INFO     | src.pipeline | [GOOGL] Done. inserted=1 updated=20 rejected=0
2026-08-26 10:13:37 | INFO     | src.pipeline | [AMZN] Registering company metadata...
2026-08-26 10:13:37 | INFO     | src.pipeline | [AMZN] Extracting last 90 days of price history...
2026-08-26 10:13:38 | INFO     | src.pipeline | [AMZN] Extracted 62 raw rows from source='yfinance'
2026-08-26 10:13:38 | INFO     | src.pipeline | [AMZN] Transforming (validate -> clean -> enrich)...
2026-08-26 10:13:38 | INFO     | src.pipeline | [AMZN] Loading 62 curated rows into stock_prices...
2026-08-26 10:13:38 | INFO     | src.pipeline | [AMZN] Done. inserted=1 updated=20 rejected=0
2026-08-26 10:13:38 | INFO     | src.pipeline | [TSLA] Registering company metadata...
2026-08-26 10:13:38 | INFO     | src.pipeline | [TSLA] Extracting last 90 days of price history...
2026-08-26 10:13:38 | INFO     | src.pipeline | [TSLA] Extracted 62 raw rows from source='yfinance'
2026-08-26 10:13:38 | INFO     | src.pipeline | [TSLA] Transforming (validate -> clean -> enrich)...
2026-08-26 10:13:38 | INFO     | src.pipeline | [TSLA] Loading 62 curated rows into stock_prices...
2026-08-26 10:13:38 | INFO     | src.pipeline | [TSLA] Done. inserted=1 updated=20 rejected=0
2026-08-26 10:13:38 | INFO     | src.pipeline | === Pipeline run #2 finished: status=SUCCESS processed=5 failed=0 inserted=5 updated=100 rejected=0 ===
2026-08-26 10:13:38 | INFO     | src.db_manager | MySQL connection closed.
2026-08-26 10:16:07 | INFO     | src.db_manager | Connected to MySQL database 'market_data_db' at 127.0.0.1:3306
2026-08-26 10:16:07 | INFO     | src.pipeline | === Pipeline run #3 started for 5 ticker(s) ===
2026-08-26 10:16:07 | INFO     | src.pipeline | [AAPL] Registering company metadata...
2026-08-26 10:16:07 | INFO     | src.pipeline | [AAPL] Extracting last 90 days of price history...
2026-08-26 10:16:07 | INFO     | src.pipeline | [AAPL] Extracted 62 raw rows from source='yfinance'
2026-08-26 10:16:07 | INFO     | src.pipeline | [AAPL] Transforming (validate -> clean -> enrich)...
2026-08-26 10:16:07 | INFO     | src.pipeline | [AAPL] Loading 62 curated rows into stock_prices...
2026-08-26 10:16:07 | INFO     | src.pipeline | [AAPL] Done. inserted=0 updated=0 rejected=0
2026-08-26 10:16:07 | INFO     | src.pipeline | [MSFT] Registering company metadata...
2026-08-26 10:16:07 | INFO     | src.pipeline | [MSFT] Extracting last 90 days of price history...
2026-08-26 10:16:08 | INFO     | src.pipeline | [MSFT] Extracted 62 raw rows from source='yfinance'
2026-08-26 10:16:08 | INFO     | src.pipeline | [MSFT] Transforming (validate -> clean -> enrich)...
2026-08-26 10:16:08 | INFO     | src.pipeline | [MSFT] Loading 62 curated rows into stock_prices...
2026-08-26 10:16:08 | INFO     | src.pipeline | [MSFT] Done. inserted=0 updated=0 rejected=0
2026-08-26 10:16:08 | INFO     | src.pipeline | [GOOGL] Registering company metadata...
2026-08-26 10:16:08 | INFO     | src.pipeline | [GOOGL] Extracting last 90 days of price history...
2026-08-26 10:16:08 | INFO     | src.pipeline | [GOOGL] Extracted 62 raw rows from source='yfinance'
2026-08-26 10:16:08 | INFO     | src.pipeline | [GOOGL] Transforming (validate -> clean -> enrich)...
2026-08-26 10:16:08 | INFO     | src.pipeline | [GOOGL] Loading 62 curated rows into stock_prices...
2026-08-26 10:16:08 | INFO     | src.pipeline | [GOOGL] Done. inserted=0 updated=0 rejected=0
2026-08-26 10:16:08 | INFO     | src.pipeline | [AMZN] Registering company metadata...
2026-08-26 10:16:08 | INFO     | src.pipeline | [AMZN] Extracting last 90 days of price history...
2026-08-26 10:16:08 | INFO     | src.pipeline | [AMZN] Extracted 62 raw rows from source='yfinance'
2026-08-26 10:16:08 | INFO     | src.pipeline | [AMZN] Transforming (validate -> clean -> enrich)...
2026-08-26 10:16:08 | INFO     | src.pipeline | [AMZN] Loading 62 curated rows into stock_prices...
2026-08-26 10:16:08 | INFO     | src.pipeline | [AMZN] Done. inserted=0 updated=0 rejected=0
2026-08-26 10:16:08 | INFO     | src.pipeline | [TSLA] Registering company metadata...
2026-08-26 10:16:08 | INFO     | src.pipeline | [TSLA] Extracting last 90 days of price history...
2026-08-26 10:16:09 | INFO     | src.pipeline | [TSLA] Extracted 62 raw rows from source='yfinance'
2026-08-26 10:16:09 | INFO     | src.pipeline | [TSLA] Transforming (validate -> clean -> enrich)...
2026-08-26 10:16:09 | INFO     | src.pipeline | [TSLA] Loading 62 curated rows into stock_prices...
2026-08-26 10:16:09 | INFO     | src.pipeline | [TSLA] Done. inserted=0 updated=0 rejected=0
2026-08-26 10:16:09 | INFO     | src.pipeline | === Pipeline run #3 finished: status=SUCCESS processed=5 failed=0 inserted=0 updated=0 rejected=0 ===
2026-08-26 10:16:09 | INFO     | src.db_manager | MySQL connection closed.
2026-08-26 19:47:52 | INFO     | src.db_manager | Connected to MySQL database 'market_data_db' at 127.0.0.1:3306
2026-08-26 19:47:52 | INFO     | src.pipeline | === Pipeline run #4 started for 5 ticker(s) ===
2026-08-26 19:47:52 | INFO     | src.pipeline | [AAPL] Registering company metadata...
2026-08-26 19:47:52 | INFO     | src.pipeline | [AAPL] Extracting last 90 days of price history...
2026-08-26 19:47:53 | INFO     | src.pipeline | [AAPL] Extracted 62 raw rows from source='yfinance'
2026-08-26 19:47:53 | INFO     | src.pipeline | [AAPL] Transforming (validate -> clean -> enrich)...
2026-08-26 19:47:54 | INFO     | src.pipeline | [AAPL] Loading 62 curated rows into stock_prices...
2026-08-26 19:47:54 | INFO     | src.pipeline | [AAPL] Done. inserted=0 updated=0 rejected=0
2026-08-26 19:47:54 | INFO     | src.pipeline | [MSFT] Registering company metadata...
2026-08-26 19:47:54 | INFO     | src.pipeline | [MSFT] Extracting last 90 days of price history...
2026-08-26 19:47:54 | INFO     | src.pipeline | [MSFT] Extracted 62 raw rows from source='yfinance'
2026-08-26 19:47:54 | INFO     | src.pipeline | [MSFT] Transforming (validate -> clean -> enrich)...
2026-08-26 19:47:54 | INFO     | src.pipeline | [MSFT] Loading 62 curated rows into stock_prices...
2026-08-26 19:47:54 | INFO     | src.pipeline | [MSFT] Done. inserted=0 updated=0 rejected=0
2026-08-26 19:47:54 | INFO     | src.pipeline | [GOOGL] Registering company metadata...
2026-08-26 19:47:54 | INFO     | src.pipeline | [GOOGL] Extracting last 90 days of price history...
2026-08-26 19:47:54 | INFO     | src.pipeline | [GOOGL] Extracted 62 raw rows from source='yfinance'
2026-08-26 19:47:54 | INFO     | src.pipeline | [GOOGL] Transforming (validate -> clean -> enrich)...
2026-08-26 19:47:54 | INFO     | src.pipeline | [GOOGL] Loading 62 curated rows into stock_prices...
2026-08-26 19:47:54 | INFO     | src.pipeline | [GOOGL] Done. inserted=0 updated=0 rejected=0
2026-08-26 19:47:54 | INFO     | src.pipeline | [AMZN] Registering company metadata...
2026-08-26 19:47:54 | INFO     | src.pipeline | [AMZN] Extracting last 90 days of price history...
2026-08-26 19:47:55 | INFO     | src.pipeline | [AMZN] Extracted 62 raw rows from source='yfinance'
2026-08-26 19:47:55 | INFO     | src.pipeline | [AMZN] Transforming (validate -> clean -> enrich)...
2026-08-26 19:47:55 | INFO     | src.pipeline | [AMZN] Loading 62 curated rows into stock_prices...
2026-08-26 19:47:55 | INFO     | src.pipeline | [AMZN] Done. inserted=0 updated=0 rejected=0
2026-08-26 19:47:55 | INFO     | src.pipeline | [TSLA] Registering company metadata...
2026-08-26 19:47:55 | INFO     | src.pipeline | [TSLA] Extracting last 90 days of price history...
2026-08-26 19:47:55 | INFO     | src.pipeline | [TSLA] Extracted 62 raw rows from source='yfinance'
2026-08-26 19:47:55 | INFO     | src.pipeline | [TSLA] Transforming (validate -> clean -> enrich)...
2026-08-26 19:47:55 | INFO     | src.pipeline | [TSLA] Loading 62 curated rows into stock_prices...
2026-08-26 19:47:55 | INFO     | src.pipeline | [TSLA] Done. inserted=0 updated=0 rejected=0
2026-08-26 19:47:55 | INFO     | src.pipeline | === Pipeline run #4 finished: status=SUCCESS processed=5 failed=0 inserted=0 updated=0 rejected=0 ===
2026-08-26 19:47:55 | INFO     | src.db_manager | MySQL connection closed.
2026-08-27 15:58:08 | INFO     | src.db_manager | Connected to MySQL database 'market_data_db' at 127.0.0.1:3306
2026-08-27 15:58:08 | INFO     | src.pipeline | === Pipeline run #5 started for 5 ticker(s) ===
2026-08-27 15:58:08 | INFO     | src.pipeline | [AAPL] Registering company metadata...
2026-08-27 15:58:08 | INFO     | src.pipeline | [AAPL] Extracting last 90 days of price history...
2026-08-27 15:58:10 | INFO     | src.pipeline | [AAPL] Extracted 62 raw rows from source='yfinance'
2026-08-27 15:58:10 | INFO     | src.pipeline | [AAPL] Transforming (validate -> clean -> enrich)...
2026-08-27 15:58:10 | INFO     | src.pipeline | [AAPL] Loading 62 curated rows into stock_prices...
2026-08-27 15:58:10 | INFO     | src.pipeline | [AAPL] Done. inserted=1 updated=20 rejected=0
2026-08-27 15:58:10 | INFO     | src.pipeline | [MSFT] Registering company metadata...
2026-08-27 15:58:10 | INFO     | src.pipeline | [MSFT] Extracting last 90 days of price history...
2026-08-27 15:58:10 | INFO     | src.pipeline | [MSFT] Extracted 62 raw rows from source='yfinance'
2026-08-27 15:58:10 | INFO     | src.pipeline | [MSFT] Transforming (validate -> clean -> enrich)...
2026-08-27 15:58:10 | INFO     | src.pipeline | [MSFT] Loading 62 curated rows into stock_prices...
2026-08-27 15:58:10 | INFO     | src.pipeline | [MSFT] Done. inserted=1 updated=20 rejected=0
2026-08-27 15:58:10 | INFO     | src.pipeline | [GOOGL] Registering company metadata...
2026-08-27 15:58:10 | INFO     | src.pipeline | [GOOGL] Extracting last 90 days of price history...
2026-08-27 15:58:11 | INFO     | src.pipeline | [GOOGL] Extracted 62 raw rows from source='yfinance'
2026-08-27 15:58:11 | INFO     | src.pipeline | [GOOGL] Transforming (validate -> clean -> enrich)...
2026-08-27 15:58:11 | INFO     | src.pipeline | [GOOGL] Loading 62 curated rows into stock_prices...
2026-08-27 15:58:11 | INFO     | src.pipeline | [GOOGL] Done. inserted=1 updated=20 rejected=0
2026-08-27 15:58:11 | INFO     | src.pipeline | [AMZN] Registering company metadata...
2026-08-27 15:58:11 | INFO     | src.pipeline | [AMZN] Extracting last 90 days of price history...
2026-08-27 15:58:11 | INFO     | src.pipeline | [AMZN] Extracted 62 raw rows from source='yfinance'
2026-08-27 15:58:11 | INFO     | src.pipeline | [AMZN] Transforming (validate -> clean -> enrich)...
2026-08-27 15:58:11 | INFO     | src.pipeline | [AMZN] Loading 62 curated rows into stock_prices...
2026-08-27 15:58:11 | INFO     | src.pipeline | [AMZN] Done. inserted=1 updated=20 rejected=0
2026-08-27 15:58:11 | INFO     | src.pipeline | [TSLA] Registering company metadata...
2026-08-27 15:58:11 | INFO     | src.pipeline | [TSLA] Extracting last 90 days of price history...
2026-08-27 15:58:12 | INFO     | src.pipeline | [TSLA] Extracted 62 raw rows from source='yfinance'
2026-08-27 15:58:12 | INFO     | src.pipeline | [TSLA] Transforming (validate -> clean -> enrich)...
2026-08-27 15:58:12 | INFO     | src.pipeline | [TSLA] Loading 62 curated rows into stock_prices...
2026-08-27 15:58:12 | INFO     | src.pipeline | [TSLA] Done. inserted=1 updated=20 rejected=0
2026-08-27 15:58:12 | INFO     | src.pipeline | === Pipeline run #5 finished: status=SUCCESS processed=5 failed=0 inserted=5 updated=100 rejected=0 ===
2026-08-27 15:58:12 | INFO     | src.db_manager | MySQL connection closed.
2026-08-27 15:58:38 | INFO     | src.db_manager | Connected to MySQL database 'market_data_db' at 127.0.0.1:3306
2026-08-27 15:58:38 | INFO     | src.db_manager | MySQL connection closed.
2026-09-01 11:48:01 | INFO     | src.db_manager | Connected to MySQL database 'market_data_db' at 127.0.0.1:3306
2026-09-01 11:48:01 | INFO     | src.pipeline | === Pipeline run #6 started for 5 ticker(s) ===
2026-09-01 11:48:01 | INFO     | src.pipeline | [AAPL] Registering company metadata...
2026-09-01 11:48:01 | INFO     | src.pipeline | [AAPL] Extracting last 90 days of price history...
2026-09-01 11:48:02 | INFO     | src.pipeline | [AAPL] Extracted 62 raw rows from source='yfinance'
2026-09-01 11:48:02 | INFO     | src.pipeline | [AAPL] Transforming (validate -> clean -> enrich)...
2026-09-01 11:48:02 | INFO     | src.pipeline | [AAPL] Loading 62 curated rows into stock_prices...
2026-09-01 11:48:02 | INFO     | src.pipeline | [AAPL] Done. inserted=3 updated=20 rejected=0
2026-09-01 11:48:02 | INFO     | src.pipeline | [MSFT] Registering company metadata...
2026-09-01 11:48:02 | INFO     | src.pipeline | [MSFT] Extracting last 90 days of price history...
2026-09-01 11:48:03 | INFO     | src.pipeline | [MSFT] Extracted 62 raw rows from source='yfinance'
2026-09-01 11:48:03 | INFO     | src.pipeline | [MSFT] Transforming (validate -> clean -> enrich)...
2026-09-01 11:48:03 | INFO     | src.pipeline | [MSFT] Loading 62 curated rows into stock_prices...
2026-09-01 11:48:03 | INFO     | src.pipeline | [MSFT] Done. inserted=3 updated=20 rejected=0
2026-09-01 11:48:03 | INFO     | src.pipeline | [GOOGL] Registering company metadata...
2026-09-01 11:48:03 | INFO     | src.pipeline | [GOOGL] Extracting last 90 days of price history...
2026-09-01 11:48:03 | INFO     | src.pipeline | [GOOGL] Extracted 62 raw rows from source='yfinance'
2026-09-01 11:48:03 | INFO     | src.pipeline | [GOOGL] Transforming (validate -> clean -> enrich)...
2026-09-01 11:48:03 | INFO     | src.pipeline | [GOOGL] Loading 62 curated rows into stock_prices...
2026-09-01 11:48:03 | INFO     | src.pipeline | [GOOGL] Done. inserted=3 updated=20 rejected=0
2026-09-01 11:48:03 | INFO     | src.pipeline | [AMZN] Registering company metadata...
2026-09-01 11:48:03 | INFO     | src.pipeline | [AMZN] Extracting last 90 days of price history...
2026-09-01 11:48:03 | INFO     | src.pipeline | [AMZN] Extracted 62 raw rows from source='yfinance'
2026-09-01 11:48:03 | INFO     | src.pipeline | [AMZN] Transforming (validate -> clean -> enrich)...
2026-09-01 11:48:03 | INFO     | src.pipeline | [AMZN] Loading 62 curated rows into stock_prices...
2026-09-01 11:48:03 | INFO     | src.pipeline | [AMZN] Done. inserted=3 updated=20 rejected=0
2026-09-01 11:48:03 | INFO     | src.pipeline | [TSLA] Registering company metadata...
2026-09-01 11:48:03 | INFO     | src.pipeline | [TSLA] Extracting last 90 days of price history...
2026-09-01 11:48:04 | INFO     | src.pipeline | [TSLA] Extracted 62 raw rows from source='yfinance'
2026-09-01 11:48:04 | INFO     | src.pipeline | [TSLA] Transforming (validate -> clean -> enrich)...
2026-09-01 11:48:04 | INFO     | src.pipeline | [TSLA] Loading 62 curated rows into stock_prices...
2026-09-01 11:48:04 | INFO     | src.pipeline | [TSLA] Done. inserted=3 updated=20 rejected=0
2026-09-01 11:48:04 | INFO     | src.pipeline | === Pipeline run #6 finished: status=SUCCESS processed=5 failed=0 inserted=15 updated=100 rejected=0 ===
2026-09-01 11:48:04 | INFO     | src.db_manager | MySQL connection closed.
2026-09-01 11:48:25 | INFO     | src.db_manager | Connected to MySQL database 'market_data_db' at 127.0.0.1:3306
2026-09-01 11:48:25 | INFO     | src.db_manager | MySQL connection closed.
2026-09-01 11:50:37 | INFO     | src.db_manager | Connected to MySQL database 'market_data_db' at 127.0.0.1:3306
2026-09-01 11:50:37 | INFO     | src.db_manager | MySQL connection closed.
2026-09-01 11:50:42 | INFO     | src.db_manager | Connected to MySQL database 'market_data_db' at 127.0.0.1:3306
2026-09-01 11:50:42 | INFO     | src.pipeline | === Pipeline run #7 started for 5 ticker(s) ===
2026-09-01 11:50:42 | INFO     | src.pipeline | [AAPL] Registering company metadata...
2026-09-01 11:50:42 | INFO     | src.pipeline | [AAPL] Extracting last 90 days of price history...
2026-09-01 11:50:43 | INFO     | src.pipeline | [AAPL] Extracted 62 raw rows from source='yfinance'
2026-09-01 11:50:43 | INFO     | src.pipeline | [AAPL] Transforming (validate -> clean -> enrich)...
2026-09-01 11:50:43 | INFO     | src.pipeline | [AAPL] Loading 62 curated rows into stock_prices...
2026-09-01 11:50:43 | INFO     | src.pipeline | [AAPL] Done. inserted=0 updated=0 rejected=0
2026-09-01 11:50:43 | INFO     | src.pipeline | [MSFT] Registering company metadata...
2026-09-01 11:50:43 | INFO     | src.pipeline | [MSFT] Extracting last 90 days of price history...
2026-09-01 11:50:43 | INFO     | src.pipeline | [MSFT] Extracted 62 raw rows from source='yfinance'
2026-09-01 11:50:43 | INFO     | src.pipeline | [MSFT] Transforming (validate -> clean -> enrich)...
2026-09-01 11:50:43 | INFO     | src.pipeline | [MSFT] Loading 62 curated rows into stock_prices...
2026-09-01 11:50:43 | INFO     | src.pipeline | [MSFT] Done. inserted=0 updated=0 rejected=0
2026-09-01 11:50:43 | INFO     | src.pipeline | [GOOGL] Registering company metadata...
2026-09-01 11:50:43 | INFO     | src.pipeline | [GOOGL] Extracting last 90 days of price history...
2026-09-01 11:50:44 | INFO     | src.pipeline | [GOOGL] Extracted 62 raw rows from source='yfinance'
2026-09-01 11:50:44 | INFO     | src.pipeline | [GOOGL] Transforming (validate -> clean -> enrich)...
2026-09-01 11:50:44 | INFO     | src.pipeline | [GOOGL] Loading 62 curated rows into stock_prices...
2026-09-01 11:50:44 | INFO     | src.pipeline | [GOOGL] Done. inserted=0 updated=0 rejected=0
2026-09-01 11:50:44 | INFO     | src.pipeline | [AMZN] Registering company metadata...
2026-09-01 11:50:44 | INFO     | src.pipeline | [AMZN] Extracting last 90 days of price history...
2026-09-01 11:50:44 | INFO     | src.pipeline | [AMZN] Extracted 62 raw rows from source='yfinance'
2026-09-01 11:50:44 | INFO     | src.pipeline | [AMZN] Transforming (validate -> clean -> enrich)...
2026-09-01 11:50:44 | INFO     | src.pipeline | [AMZN] Loading 62 curated rows into stock_prices...
2026-09-01 11:50:44 | INFO     | src.pipeline | [AMZN] Done. inserted=0 updated=0 rejected=0
2026-09-01 11:50:44 | INFO     | src.pipeline | [TSLA] Registering company metadata...
2026-09-01 11:50:44 | INFO     | src.pipeline | [TSLA] Extracting last 90 days of price history...
2026-09-01 11:50:44 | INFO     | src.pipeline | [TSLA] Extracted 62 raw rows from source='yfinance'
2026-09-01 11:50:44 | INFO     | src.pipeline | [TSLA] Transforming (validate -> clean -> enrich)...
2026-09-01 11:50:44 | INFO     | src.pipeline | [TSLA] Loading 62 curated rows into stock_prices...
2026-09-01 11:50:44 | INFO     | src.pipeline | [TSLA] Done. inserted=0 updated=0 rejected=0
2026-09-01 11:50:44 | INFO     | src.pipeline | === Pipeline run #7 finished: status=SUCCESS processed=5 failed=0 inserted=0 updated=0 rejected=0 ===
2026-09-01 11:50:44 | INFO     | src.db_manager | MySQL connection closed.
